// Jest Snapshot v1, https://goo.gl/fbAQLP

exports[`MyAgendaList renders correctly 1`] = `
<View
  accessibilityState={
    {
      "busy": undefined,
      "checked": undefined,
      "disabled": undefined,
      "expanded": undefined,
      "selected": undefined,
    }
  }
  accessible={true}
  focusable={true}
  onClick={[Function]}
  onResponderGrant={[Function]}
  onResponderMove={[Function]}
  onResponderRelease={[Function]}
  onResponderTerminate={[Function]}
  onResponderTerminationRequest={[Function]}
  onStartShouldSetResponder={[Function]}
  style={
    [
      {
        "backgroundColor": "#121212",
        "flex": 1,
      },
      undefined,
    ]
  }
>
  <RCTScrollView
    data={
      [
        {
          "data": [
            {
              "actions": null,
              "datetime": "2024-01-01 19:44:00.000Z",
              "id": 1,
              "treatment_id": 1,
            },
          ],
          "title": "2024-01-01",
        },
        {
          "data": [
            {
              "actions": null,
              "datetime": "2024-01-02 19:44:00.000Z",
              "id": 2,
              "treatment_id": 2,
            },
          ],
          "title": "2024-01-02",
        },
      ]
    }
    getItem={[Function]}
    getItemCount={[Function]}
    keyExtractor={[Function]}
    onContentSizeChange={[Function]}
    onLayout={[Function]}
    onMomentumScrollBegin={[Function]}
    onMomentumScrollEnd={[Function]}
    onScroll={[Function]}
    onScrollBeginDrag={[Function]}
    onScrollEndDrag={[Function]}
    onScrollToIndexFailed={[Function]}
    onViewableItemsChanged={[Function]}
    renderItem={[Function]}
    scrollEventThrottle={50}
    sectionStyle={
      {
        "backgroundColor": "#1a1a1a",
        "color": "#faf8ff",
      }
    }
    showsVerticalScrollIndicator={false}
    stickyHeaderIndices={
      [
        0,
        3,
      ]
    }
    viewabilityConfig={
      {
        "itemVisiblePercentThreshold": 20,
      }
    }
  >
    <View>
      <View
        onFocusCapture={[Function]}
        onLayout={[Function]}
        style={null}
      >
        <Text
          allowFontScaling={false}
          onLayout={[Function]}
          style={
            [
              {
                "backgroundColor": "white",
                "color": "#7a92a5",
                "fontSize": 12,
                "fontWeight": "bold",
                "lineHeight": 16,
                "paddingBottom": 8,
                "paddingLeft": 20,
                "paddingRight": 20,
                "paddingTop": 24,
                "textAlign": "left",
                "textTransform": "uppercase",
              },
              {
                "backgroundColor": "#1a1a1a",
                "color": "#faf8ff",
              },
            ]
          }
        >
          today, Monday, Jan 1
        </Text>
      </View>
      <View
        onFocusCapture={[Function]}
        onLayout={[Function]}
        style={null}
      >
        <View>
          <View
            accessibilityState={
              {
                "busy": undefined,
                "checked": undefined,
                "disabled": undefined,
                "expanded": undefined,
                "selected": undefined,
              }
            }
            accessibilityValue={
              {
                "max": undefined,
                "min": undefined,
                "now": undefined,
                "text": undefined,
              }
            }
            accessible={true}
            collapsable={false}
            focusable={true}
            onClick={[Function]}
            onResponderGrant={[Function]}
            onResponderMove={[Function]}
            onResponderRelease={[Function]}
            onResponderTerminate={[Function]}
            onResponderTerminationRequest={[Function]}
            onStartShouldSetResponder={[Function]}
            style={
              {
                "backgroundColor": "#121212",
                "flexDirection": "row",
                "opacity": 1,
                "padding": 10,
              }
            }
          >
            <View
              style={
                {
                  "flex": 1,
                  "flexDirection": "row",
                }
              }
            >
              <View
                style={
                  {
                    "flex": 1,
                  }
                }
              >
                <Text
                  style={
                    [
                      {
                        "color": "#faf8ff",
                        "fontSize": 16,
                      },
                      {
                        "color": "#faf8ff",
                        "fontWeight": "bold",
                      },
                    ]
                  }
                >
                  Invalid DateTime
                </Text>
              </View>
              <View
                style={
                  {
                    "flex": 4,
                  }
                }
              >
                <View>
                  <Text
                    style={
                      [
                        {
                          "color": "#faf8ff",
                          "fontSize": 16,
                        },
                        {
                          "color": "#d3fbd8",
                        },
                      ]
                    }
                  >
                    FirstName LastName
                  </Text>
                </View>
                <Text
                  style={
                    [
                      {
                        "color": "#faf8ff",
                        "fontSize": 16,
                      },
                      {
                        "fontStyle": "italic",
                        "marginTop": 10,
                      },
                    ]
                  }
                />
              </View>
            </View>
          </View>
          <View
            style={
              {
                "borderBottomColor": "#374151",
                "borderBottomWidth": 0.5,
              }
            }
            testID="RNE__Divider"
            theme={
              {
                "colors": {
                  "background": "#ffffff",
                  "black": "#242424",
                  "disabled": "hsl(208, 8%, 90%)",
                  "divider": "#bcbbc1",
                  "error": "#ff190c",
                  "grey0": "#393e42",
                  "grey1": "#43484d",
                  "grey2": "#5e6977",
                  "grey3": "#86939e",
                  "grey4": "#bdc6cf",
                  "grey5": "#e1e8ee",
                  "greyOutline": "#bbb",
                  "platform": {
                    "android": {
                      "error": "#f44336",
                      "grey": "rgba(0, 0, 0, 0.54)",
                      "primary": "#2196f3",
                      "searchBg": "#dcdce1",
                      "secondary": "#9C27B0",
                      "success": "#4caf50",
                      "warning": "#ffeb3b",
                    },
                    "default": {
                      "error": "#ff3b30",
                      "grey": "#7d7d7d",
                      "primary": "#007aff",
                      "searchBg": "#dcdce1",
                      "secondary": "#5856d6",
                      "success": "#4cd964",
                      "warning": "#ffcc00",
                    },
                    "ios": {
                      "error": "#ff3b30",
                      "grey": "#7d7d7d",
                      "primary": "#007aff",
                      "searchBg": "#dcdce1",
                      "secondary": "#5856d6",
                      "success": "#4cd964",
                      "warning": "#ffcc00",
                    },
                    "web": {
                      "error": "#ff190c",
                      "grey": "#393e42",
                      "primary": "#2089dc",
                      "searchBg": "#303337",
                      "secondary": "#ca71eb",
                      "success": "#52c41a",
                      "warning": "#faad14",
                    },
                  },
                  "primary": "#2089dc",
                  "searchBg": "#303337",
                  "secondary": "#ad1457",
                  "success": "#52c41a",
                  "warning": "#faad14",
                  "white": "#ffffff",
                },
                "spacing": {
                  "lg": 12,
                  "md": 8,
                  "sm": 4,
                  "xl": 24,
                  "xs": 2,
                },
              }
            }
          />
        </View>
      </View>
      <View
        onFocusCapture={[Function]}
        onLayout={[Function]}
        style={null}
      />
      <View
        onFocusCapture={[Function]}
        onLayout={[Function]}
        style={null}
      >
        <Text
          allowFontScaling={false}
          onLayout={[Function]}
          style={
            [
              {
                "backgroundColor": "white",
                "color": "#7a92a5",
                "fontSize": 12,
                "fontWeight": "bold",
                "lineHeight": 16,
                "paddingBottom": 8,
                "paddingLeft": 20,
                "paddingRight": 20,
                "paddingTop": 24,
                "textAlign": "left",
                "textTransform": "uppercase",
              },
              {
                "backgroundColor": "#1a1a1a",
                "color": "#faf8ff",
              },
            ]
          }
        >
          Tuesday, Jan 2
        </Text>
      </View>
      <View
        onFocusCapture={[Function]}
        onLayout={[Function]}
        style={null}
      >
        <View>
          <View
            accessibilityState={
              {
                "busy": undefined,
                "checked": undefined,
                "disabled": undefined,
                "expanded": undefined,
                "selected": undefined,
              }
            }
            accessibilityValue={
              {
                "max": undefined,
                "min": undefined,
                "now": undefined,
                "text": undefined,
              }
            }
            accessible={true}
            collapsable={false}
            focusable={true}
            onClick={[Function]}
            onResponderGrant={[Function]}
            onResponderMove={[Function]}
            onResponderRelease={[Function]}
            onResponderTerminate={[Function]}
            onResponderTerminationRequest={[Function]}
            onStartShouldSetResponder={[Function]}
            style={
              {
                "backgroundColor": "#121212",
                "flexDirection": "row",
                "opacity": 1,
                "padding": 10,
              }
            }
          >
            <View
              style={
                {
                  "flex": 1,
                  "flexDirection": "row",
                }
              }
            >
              <View
                style={
                  {
                    "flex": 1,
                  }
                }
              >
                <Text
                  style={
                    [
                      {
                        "color": "#faf8ff",
                        "fontSize": 16,
                      },
                      {
                        "color": "#faf8ff",
                        "fontWeight": "bold",
                      },
                    ]
                  }
                >
                  Invalid DateTime
                </Text>
              </View>
              <View
                style={
                  {
                    "flex": 4,
                  }
                }
              >
                <View>
                  <Text
                    style={
                      [
                        {
                          "color": "#faf8ff",
                          "fontSize": 16,
                        },
                        {
                          "color": "#d3fbd8",
                        },
                      ]
                    }
                  >
                    FirstName2 LastName2
                  </Text>
                </View>
                <Text
                  style={
                    [
                      {
                        "color": "#faf8ff",
                        "fontSize": 16,
                      },
                      {
                        "fontStyle": "italic",
                        "marginTop": 10,
                      },
                    ]
                  }
                />
              </View>
            </View>
          </View>
          <View
            style={
              {
                "borderBottomColor": "#374151",
                "borderBottomWidth": 0.5,
              }
            }
            testID="RNE__Divider"
            theme={
              {
                "colors": {
                  "background": "#ffffff",
                  "black": "#242424",
                  "disabled": "hsl(208, 8%, 90%)",
                  "divider": "#bcbbc1",
                  "error": "#ff190c",
                  "grey0": "#393e42",
                  "grey1": "#43484d",
                  "grey2": "#5e6977",
                  "grey3": "#86939e",
                  "grey4": "#bdc6cf",
                  "grey5": "#e1e8ee",
                  "greyOutline": "#bbb",
                  "platform": {
                    "android": {
                      "error": "#f44336",
                      "grey": "rgba(0, 0, 0, 0.54)",
                      "primary": "#2196f3",
                      "searchBg": "#dcdce1",
                      "secondary": "#9C27B0",
                      "success": "#4caf50",
                      "warning": "#ffeb3b",
                    },
                    "default": {
                      "error": "#ff3b30",
                      "grey": "#7d7d7d",
                      "primary": "#007aff",
                      "searchBg": "#dcdce1",
                      "secondary": "#5856d6",
                      "success": "#4cd964",
                      "warning": "#ffcc00",
                    },
                    "ios": {
                      "error": "#ff3b30",
                      "grey": "#7d7d7d",
                      "primary": "#007aff",
                      "searchBg": "#dcdce1",
                      "secondary": "#5856d6",
                      "success": "#4cd964",
                      "warning": "#ffcc00",
                    },
                    "web": {
                      "error": "#ff190c",
                      "grey": "#393e42",
                      "primary": "#2089dc",
                      "searchBg": "#303337",
                      "secondary": "#ca71eb",
                      "success": "#52c41a",
                      "warning": "#faad14",
                    },
                  },
                  "primary": "#2089dc",
                  "searchBg": "#303337",
                  "secondary": "#ad1457",
                  "success": "#52c41a",
                  "warning": "#faad14",
                  "white": "#ffffff",
                },
                "spacing": {
                  "lg": 12,
                  "md": 8,
                  "sm": 4,
                  "xl": 24,
                  "xs": 2,
                },
              }
            }
          />
        </View>
      </View>
      <View
        onFocusCapture={[Function]}
        onLayout={[Function]}
        style={null}
      />
    </View>
  </RCTScrollView>
</View>
`;
