// Jest Snapshot v1, https://goo.gl/fbAQLP

exports[`MyButtonGroup renders correctly 1`] = `
<View
  style={
    {
      "backgroundColor": "#fff",
      "borderColor": "#374151",
      "borderRadius": 20,
      "borderWidth": 1,
      "flexDirection": "row",
      "height": 45,
      "marginBottom": 5,
      "marginHorizontal": 10,
      "marginLeft": 0,
      "marginRight": 0,
      "marginTop": 10,
      "marginVertical": 5,
      "overflow": "hidden",
    }
  }
  testID="RNE__ButtonGroupContainer"
/>
`;
