// Jest Snapshot v1, https://goo.gl/fbAQLP

exports[`MyKeyboardAvoidingView renders correctly 1`] = `
<View
  onLayout={[Function]}
  style={
    [
      {
        "flex": 1,
      },
      {
        "paddingBottom": 0,
      },
    ]
  }
>
  <RCTScrollView
    contentContainerStyle={
      {
        "flexGrow": 1,
      }
    }
    onScroll={[Function]}
    scrollEventThrottle={50}
  >
    <View />
  </RCTScrollView>
</View>
`;
