// Jest Snapshot v1, https://goo.gl/fbAQLP

exports[`TreatmentInfo renders correctly 1`] = `
<View
  accessibilityState={
    {
      "busy": undefined,
      "checked": undefined,
      "disabled": undefined,
      "expanded": undefined,
      "selected": undefined,
    }
  }
  accessible={true}
  focusable={true}
  onClick={[Function]}
  onResponderGrant={[Function]}
  onResponderMove={[Function]}
  onResponderRelease={[Function]}
  onResponderTerminate={[Function]}
  onResponderTerminationRequest={[Function]}
  onStartShouldSetResponder={[Function]}
  style={
    [
      {
        "backgroundColor": "#121212",
        "flex": 1,
      },
      undefined,
    ]
  }
>
  <View
    style={
      [
        {
          "backgroundColor": "#1a1a1a",
          "marginTop": 5,
          "padding": 20,
        },
        {
          "borderRadius": 10,
        },
        {
          "alignItems": "center",
          "flexDirection": "row",
          "marginTop": 0,
        },
      ]
    }
  >
    <View
      style={
        {
          "marginRight": 20,
          "overflow": "hidden",
        }
      }
      testID="RNE__ICON__CONTAINER"
    >
      <View
        accessibilityRole="button"
        android_ripple={
          {
            "borderless": false,
            "color": "rgba(0, 0, 0, 0.3)",
            "radius": -5,
          }
        }
        disabled={false}
        testID="RNE__ICON__CONTAINER_ACTION"
      >
        <View
          style={
            {
              "alignItems": "center",
              "backgroundColor": "transparent",
              "justifyContent": "center",
            }
          }
          testID="RNE__ICON"
        >
          <Text />
        </View>
      </View>
    </View>
    <View
      style={
        {
          "flex": 1,
        }
      }
    >
      <View
        style={
          {
            "alignItems": "center",
            "flexDirection": "row",
            "justifyContent": "space-between",
          }
        }
      >
        <View>
          <Text
            style={
              {
                "color": "#faf8ff",
                "fontSize": 20,
              }
            }
          >
            Price
          </Text>
          <Text
            style={
              [
                {
                  "color": "#faf8ff",
                  "fontSize": 16,
                  "marginTop": 5,
                },
                {
                  "fontWeight": "200",
                  "opacity": 0.5,
                },
              ]
            }
          >
            1
             
            Payments
          </Text>
        </View>
        <View
          style={
            {
              "flexDirection": "row",
            }
          }
        >
          <Text
            style={
              [
                {
                  "color": "#faf8ff",
                  "fontSize": 18,
                },
                {
                  "fontWeight": "bold",
                },
              ]
            }
          >
            100
             ₼ 
          </Text>
          <Text
            style={
              [
                {
                  "color": "#faf8ff",
                  "fontSize": 18,
                },
                {
                  "fontWeight": "200",
                  "opacity": 0.5,
                },
              ]
            }
          >
             
            of
             
          </Text>
          <Text
            style={
              [
                {
                  "color": "#faf8ff",
                  "fontSize": 18,
                },
                {
                  "fontWeight": "bold",
                },
              ]
            }
          >
             
            100
             ₼
          </Text>
        </View>
      </View>
      <View
        accessibilityRole="progressbar"
        accessibilityValue={
          {
            "max": 1,
            "min": 0,
            "now": 1,
          }
        }
        accessible={true}
        onLayout={[Function]}
        style={
          [
            {
              "backgroundColor": "rgba(255, 0, 255, 0.4)",
              "height": 4,
              "overflow": "hidden",
              "position": "relative",
              "width": "100%",
            },
            {
              "marginTop": 10,
            },
          ]
        }
        testID="RNE__LinearProgress_Bar"
      >
        <View
          collapsable={false}
          style={
            {
              "backgroundColor": "rgb(255, 0, 255)",
              "flex": 1,
              "transform": [
                {
                  "translateX": -0,
                },
                {
                  "scaleX": 0.0001,
                },
              ],
            }
          }
          testID="RNE__LinearProgress_Progress"
        />
      </View>
    </View>
  </View>
  <View
    style={
      {
        "flexDirection": "row",
      }
    }
  >
    <View
      style={
        [
          {
            "flex": 1,
            "marginRight": 2.5,
          },
          {
            "backgroundColor": "#1a1a1a",
            "marginTop": 5,
            "padding": 20,
          },
          {
            "borderRadius": 10,
          },
        ]
      }
    >
      <Text
        style={
          {
            "color": "#faf8ff",
            "fontSize": 20,
          }
        }
      >
        Start
      </Text>
      <View
        style={
          {
            "alignItems": "flex-start",
            "marginBottom": 15,
            "marginTop": 25,
            "overflow": "hidden",
          }
        }
        testID="RNE__ICON__CONTAINER"
      >
        <View
          accessibilityRole="button"
          android_ripple={
            {
              "borderless": false,
              "color": "rgba(0, 0, 0, 0.3)",
              "radius": -5,
            }
          }
          disabled={false}
          testID="RNE__ICON__CONTAINER_ACTION"
        >
          <View
            style={
              {
                "alignItems": "center",
                "backgroundColor": "transparent",
                "justifyContent": "center",
              }
            }
            testID="RNE__ICON"
          >
            <Text />
          </View>
        </View>
      </View>
      <Text
        style={
          [
            {
              "color": "#faf8ff",
              "fontSize": 18,
            },
            {
              "fontWeight": "bold",
            },
          ]
        }
      >
        Invalid DateTime
      </Text>
    </View>
    <View
      style={
        [
          {
            "flex": 1,
            "marginLeft": 2.5,
          },
          {
            "backgroundColor": "#1a1a1a",
            "marginTop": 5,
            "padding": 20,
          },
          {
            "borderRadius": 10,
          },
        ]
      }
    >
      <Text
        style={
          {
            "color": "#faf8ff",
            "fontSize": 20,
          }
        }
      >
        End
      </Text>
      <View
        style={
          {
            "alignItems": "flex-start",
            "marginBottom": 15,
            "marginTop": 25,
            "overflow": "hidden",
          }
        }
        testID="RNE__ICON__CONTAINER"
      >
        <View
          accessibilityRole="button"
          android_ripple={
            {
              "borderless": false,
              "color": "rgba(0, 0, 0, 0.3)",
              "radius": -5,
            }
          }
          disabled={false}
          testID="RNE__ICON__CONTAINER_ACTION"
        >
          <View
            style={
              {
                "alignItems": "center",
                "backgroundColor": "transparent",
                "justifyContent": "center",
              }
            }
            testID="RNE__ICON"
          >
            <Text />
          </View>
        </View>
      </View>
      <Text
        style={
          [
            {
              "color": "#faf8ff",
              "fontSize": 18,
            },
            {
              "fontWeight": "bold",
            },
          ]
        }
      >
        -
      </Text>
    </View>
  </View>
</View>
`;
